// Jest Snapshot v1, https://goo.gl/fbAQLP

exports[`renders 1`] = `
<DocumentFragment>
  <div
    class="sc-AxjAm lbdhuO"
  >
    <div
      class="sc-AxirZ bKmrVn"
    >
      <div
        class="sc-AxiKw eJlaIa"
      >
        EKTORP was saved to the Shopping Cart.
      </div>
      <button
        class="sc-AxhCb fVhKMx"
      >
        VIEW
      </button>
    </div>
  </div>
</DocumentFragment>
`;
